// Jest Snapshot v1, https://goo.gl/fbAQLP

exports[`Grocery should match the snapshot with provided data 1`] = `ShallowWrapper {}`;
